// Jest Snapshot v1, https://goo.gl/fbAQLP

exports[`baseEntities reducer initial state should match snapshot 1`] = `
Object {
  "aliases": Object {},
  "attributes": Object {
    "APP_PE0BA7075D03E94C9C8C42EEF6140FB73E": Object {
      "PRI_APPLICANT_CODE": Object {
        "attributeCode": "PRI_APPLICANT_CODE",
        "baseEntityCode": "APP_PE0BA7075D03E94C9C8C42EEF6140FB73E",
        "created": "2018-12-08T07:02:38",
        "inferred": false,
        "privacyFlag": false,
        "readonly": false,
        "value": "​​​​​PER_JERRY_AT_HOTMAILCOM​​​​​",
        "valueString": "​​​​​PER_JERRY_AT_HOTMAILCOM​​​​​",
        "weight": 0,
      },
      "PRI_APPLICANT_FULLNAME": Object {
        "attributeCode": "PRI_APPLICANT_FULLNAME",
        "baseEntityCode": "APP_PE0BA7075D03E94C9C8C42EEF6140FB73E",
        "created": "2018-12-08T07:02:38",
        "inferred": false,
        "privacyFlag": false,
        "readonly": false,
        "value": "Jerry Seinfeld",
        "valueString": "Jerry Seinfeld",
        "weight": 0,
      },
      "PRI_APPLICANT_USERNAME": Object {
        "attributeCode": "PRI_APPLICANT_USERNAME",
        "baseEntityCode": "APP_PE076876897698768967896787698678678",
        "created": "2018-12-08T07:02:38",
        "inferred": false,
        "privacyFlag": false,
        "readonly": false,
        "value": "jerry@hotmail.com",
        "valueString": "jerry@hotmail.com",
        "weight": 0,
      },
      "PRI_APPLICATION_CODE": Object {
        "attributeCode": "PRI_APPLICATION_CODE",
        "baseEntityCode": "APP_PE0BA7075D03E94C9C8C42EEF6140FB73E",
        "created": "2018-12-08T07:02:38",
        "inferred": false,
        "privacyFlag": false,
        "readonly": false,
        "value": "APP_PE0BA7075D03E94C9C8C42EEF6140FB73E",
        "valueString": "APP_PE0BA7075D03E94C9C8C42EEF6140FB73E",
        "weight": 0,
      },
      "PRI_BEG_CODE": Object {
        "attributeCode": "PRI_BEG_CODE",
        "baseEntityCode": "APP_PE67678867678768678768768786867786667",
        "created": "2018-12-08T07:02:38",
        "inferred": false,
        "privacyFlag": false,
        "readonly": false,
        "value": "BEG_PE7686786786767886767867867776",
        "valueString": "BEG_PE7686786786767886767867867776",
        "weight": 0,
      },
      "PRI_COMPANY_CODE": Object {
        "attributeCode": "PRI_COMPANY_CODE",
        "baseEntityCode": "APP_PE0BA7075D03E94C9C8C42EEF6140FB73E",
        "created": "2018-12-08T07:02:41",
        "inferred": false,
        "privacyFlag": false,
        "readonly": false,
        "value": "CPY_PE2F8031F5BA6B4E2792D39BFD09641D77",
        "valueString": "CPY_PE2F8031F5BA6B4E2792D39BFD09641D77",
        "weight": 0,
      },
      "PRI_EDU_PROVIDER_CODE": Object {
        "attributeCode": "PRI_EDU_PROVIDER_CODE",
        "baseEntityCode": "APP_PE0685688657856786578657865876578687",
        "created": "2018-12-08T07:02:48",
        "inferred": false,
        "privacyFlag": false,
        "readonly": false,
        "value": "CPY_OUTCOME_LIFE",
        "valueString": "CPY_OUTCOME_LIFE",
        "weight": 0,
      },
      "PRI_GRP_APPLIED_DATE": Object {
        "attributeCode": "PRI_GRP_APPLIED_DATE",
        "baseEntityCode": "APP_PE0BA7075D03E94C9C8C42EEF6140FB73E",
        "created": "2018-12-08T07:02:41",
        "inferred": false,
        "privacyFlag": false,
        "readonly": false,
        "value": "2018-12-08T07:02:00",
        "valueDateTime": "2018-12-08T07:02:00",
        "weight": 0,
      },
      "PRI_GRP_INTERVIEWS_DATE": Object {
        "attributeCode": "PRI_GRP_INTERVIEWS_DATE",
        "baseEntityCode": "APP_PE0BA7075D03E94C9C8C42EEF6140FB73E",
        "created": "2018-12-08T07:07:48",
        "inferred": false,
        "privacyFlag": false,
        "readonly": false,
        "value": "2018-12-08T07:07:00",
        "valueDateTime": "2018-12-08T07:07:00",
        "weight": 0,
      },
      "PRI_GRP_IN_PROGRESS_DATE": Object {
        "attributeCode": "PRI_GRP_IN_PROGRESS_DATE",
        "baseEntityCode": "APP_PE0BA7075D03E94C9C8C42EEF6140FB73E",
        "created": "2018-12-08T08:15:22",
        "inferred": false,
        "privacyFlag": false,
        "readonly": false,
        "value": "2018-12-08T08:15:00",
        "valueDateTime": "2018-12-08T08:15:00",
        "weight": 0,
      },
      "PRI_GRP_OFFERED_DATE": Object {
        "attributeCode": "PRI_GRP_OFFERED_DATE",
        "baseEntityCode": "APP_PE0BA7075D03E94C9C8C42EEF6140FB73E",
        "created": "2018-12-08T07:11:34",
        "inferred": false,
        "privacyFlag": false,
        "readonly": false,
        "value": "2018-12-08T07:11:00",
        "valueDateTime": "2018-12-08T07:11:00",
        "weight": 0,
      },
      "PRI_GRP_PLACED_DATE": Object {
        "attributeCode": "PRI_GRP_PLACED_DATE",
        "baseEntityCode": "APP_PE07687867689768987967869768976876",
        "created": "2018-12-08T07:15:12",
        "inferred": false,
        "privacyFlag": false,
        "readonly": false,
        "value": "2018-12-08T07:15:00",
        "valueDateTime": "2018-12-08T07:15:00",
        "weight": 0,
      },
      "PRI_GRP_SHORTLISTED_DATE": Object {
        "attributeCode": "PRI_GRP_SHORTLISTED_DATE",
        "baseEntityCode": "APP_PE0BA7075D03E94C9C8C42EEF6140FB73E",
        "created": "2018-12-08T07:06:16",
        "inferred": false,
        "privacyFlag": false,
        "readonly": false,
        "value": "2018-12-08T07:06:00",
        "valueDateTime": "2018-12-08T07:06:00",
        "weight": 0,
      },
      "STA_GREEN": Object {
        "attributeCode": "STA_GREEN",
        "baseEntityCode": "APP_PE0BA7075D03E94C9C8C42EEF6140FB73E",
        "created": "2018-12-08T07:11:34",
        "inferred": false,
        "privacyFlag": false,
        "readonly": false,
        "updated": "2018-12-08T07:11:34",
        "value": Array [
          "​​​​​PER_JORDON_AT_GMAILCOM​​​​​",
          "​​​​​PER_JERRY_AT_HOTMAILCOM​​​​​",
          "​​​​​PER_ROEL_AT_YAHOOCOM​​​​​",
        ],
        "valueString": "[
  \\"​​​​​PER_JORDON_AT_GMAILCOM​​​​​\\",
  \\"​​​​​PER_JERRY_AT_HOTMAILCOM​​​​​\\",
  \\"​​​​​PER_ROEL_AT_YAHOOCOM​​​​​\\"
]",
        "weight": 0,
      },
      "STA_​​​​​PER_JORDON_AT_GMAILCOM​​​​​": Object {
        "attributeCode": "STA_​​​​​PER_JORDON_AT_GMAILCOM​​​​​",
        "baseEntityCode": "APP_PE0BA7075D03E94C9C8C42EEF6140FB73E",
        "created": "2018-12-08T07:11:34",
        "inferred": false,
        "privacyFlag": false,
        "readonly": false,
        "value": "green",
        "valueString": "green",
        "weight": 0,
      },
      "STA_​​​​​PER_ROEL_AT_YAHOOCOM​​​​​": Object {
        "attributeCode": "STA_​​​​​PER_ROEL_AT_YAHOOCOM​​​​​",
        "baseEntityCode": "APP_PE0BA7075D03E94C9C8C42EEF6140FB73E",
        "created": "2018-12-08T07:11:34",
        "inferred": false,
        "privacyFlag": false,
        "readonly": false,
        "value": "green",
        "valueString": "green",
        "weight": 0,
      },
      "​​​​​PER_PINKIE_AT_YAHOOCOM​​​​​": Object {
        "attributeCode": "​​​​​PER_PINKIE_AT_YAHOOCOM​​​​​",
        "baseEntityCode": "APP_PE089796876867986786776878786768687678",
        "created": "2018-12-08T07:11:34",
        "inferred": false,
        "privacyFlag": false,
        "readonly": false,
        "value": "green",
        "valueString": "green",
        "weight": 0,
      },
    },
    "​​​​​PER_JERRY_AT_HOTMAILCOM​​​​​": Object {
      "LNK_EDU_PROVIDER": Object {
        "attributeCode": "LNK_EDU_PROVIDER",
        "attributeName": "Edu Provider",
        "baseEntityCode": "​​​​​PER_JERRY_AT_HOTMAILCOM​​​​​",
        "created": "2018-12-08T07:02:01",
        "inferred": false,
        "privacyFlag": false,
        "readonly": false,
        "value": "CPY_OUTCOME_LIFE",
        "valueString": "CPY_OUTCOME_LIFE",
        "weight": 0,
      },
      "LNK_INDUSTRY": Object {
        "attributeCode": "LNK_INDUSTRY",
        "attributeName": "Industry",
        "baseEntityCode": "​​​​​PER_JERRY_AT_HOTMAILCOM​​​​​",
        "created": "2018-12-08T07:02:09",
        "inferred": false,
        "privacyFlag": false,
        "readonly": false,
        "value": "SEL_INDUSTRY_ENGINEERING",
        "valueString": "SEL_INDUSTRY_ENGINEERING",
        "weight": 0,
      },
      "LNK_OCCUPATION": Object {
        "attributeCode": "LNK_OCCUPATION",
        "attributeName": "Occupation",
        "baseEntityCode": "​​​​​PER_JERRY_AT_HOTMAILCOM​​​​​",
        "created": "2018-12-08T07:02:09",
        "inferred": false,
        "privacyFlag": false,
        "readonly": false,
        "updated": "2018-12-08T07:02:11",
        "value": Array [
          "SEL_OCCUPATION_DRAFTSPERSON",
        ],
        "valueString": "[\\"SEL_OCCUPATION_DRAFTSPERSON\\"]",
        "weight": 0,
      },
      "PRI_FIRSTNAME": Object {
        "attributeCode": "PRI_FIRSTNAME",
        "attributeName": "FirstName",
        "baseEntityCode": "​​​​​PER_JERRY_AT_HOTMAILCOM​​​​​",
        "created": "2018-12-08T07:01:17",
        "inferred": false,
        "privacyFlag": false,
        "readonly": false,
        "value": "Jerry",
        "valueString": "Jerry",
        "weight": 0,
      },
      "PRI_IMAGE_URL": Object {
        "attributeCode": "PRI_IMAGE_URL",
        "attributeName": "ImageUrl",
        "baseEntityCode": "​​​​​PER_JERRY_AT_HOTMAILCOM​​​​​",
        "created": "2018-12-08T07:01:17",
        "inferred": false,
        "privacyFlag": false,
        "readonly": false,
        "value": "https://s3.ap-southeast-2.amazonaws.com/channel40-images/jtaQozJT5HSpn3bX6P4EXSqQj3NDalkQ",
        "valueString": "https://s3.ap-southeast-2.amazonaws.com/channel40-images/jtaQozJT5HSpn3bX6P4EXSqQj3NDalkQ",
        "weight": 0,
      },
      "PRI_IS_BUYER": Object {
        "attributeCode": "PRI_IS_BUYER",
        "attributeName": "Buyer Role",
        "baseEntityCode": "​​​​​PER_JERRY_AT_HOTMAILCOM​​​​​",
        "created": "2018-12-08T07:01:36",
        "inferred": false,
        "privacyFlag": false,
        "readonly": false,
        "value": false,
        "valueBoolean": false,
        "weight": 0,
      },
      "PRI_IS_SELLER": Object {
        "attributeCode": "PRI_IS_SELLER",
        "attributeName": "Seller Role",
        "baseEntityCode": "​​​​​PER_JERRY_AT_HOTMAILCOM​​​​​",
        "created": "2018-12-08T07:01:36",
        "inferred": false,
        "privacyFlag": false,
        "readonly": false,
        "value": true,
        "valueBoolean": true,
        "weight": 0,
      },
      "PRI_LASTNAME": Object {
        "attributeCode": "PRI_LASTNAME",
        "attributeName": "LastName",
        "baseEntityCode": "​​​​​PER_JERRY_AT_HOTMAILCOM​​​​​",
        "created": "2018-12-08T07:01:17",
        "inferred": false,
        "privacyFlag": false,
        "readonly": false,
        "value": "Seinfeld",
        "valueString": "Seinfeld",
        "weight": 0,
      },
      "PRI_MOBILE": Object {
        "attributeCode": "PRI_MOBILE",
        "attributeName": "Mobile",
        "baseEntityCode": "​​​​​PER_JERRY_AT_HOTMAILCOM​​​​​",
        "created": "2018-12-08T07:01:57",
        "inferred": false,
        "privacyFlag": false,
        "readonly": false,
        "value": "0423231333",
        "valueString": "0423231333",
        "weight": 0,
      },
      "PRI_NAME": Object {
        "attributeCode": "PRI_NAME",
        "attributeName": "Name",
        "baseEntityCode": "​​​​​PER_JERRY_AT_HOTMAILCOM​​​​​",
        "created": "2018-12-08T07:01:17",
        "inferred": false,
        "privacyFlag": false,
        "readonly": false,
        "value": "Jerry Seinfeld",
        "valueString": "Jerry Seinfeld",
        "weight": 0,
      },
      "PRI_USERNAME": Object {
        "attributeCode": "PRI_USERNAME",
        "attributeName": "Username",
        "baseEntityCode": "​​​​​PER_JERRY_AT_HOTMAILCOM​​​​​",
        "created": "2018-12-08T07:01:17",
        "inferred": false,
        "privacyFlag": false,
        "readonly": false,
        "value": "jerry@hotmail.com",
        "valueString": "jerry@hotmail.com",
        "weight": 0,
      },
    },
  },
  "data": Object {
    "APP_PE0BA7075D03E94C9C8C42EEF6140FB73E": Object {
      "code": "APP_PE0BA7075D03E94C9C8C42EEF6140FB73E",
      "created": "2018-12-08T07:02:38",
      "id": 7709,
      "index": 0,
      "links": Array [
        Object {
          "created": "2018-12-08T07:11:34",
          "link": Object {
            "attributeCode": "LNK_APP",
            "linkValue": "INT_AGMT",
            "sourceCode": "APP_PE0BA7075D03E94C9C8C42EEF6140FB73E",
            "targetCode": "DOC_PE0D45F6A8BC3545D19C5DF09239CF9605",
            "weight": 1,
          },
          "valueString": "INT_AGMT",
          "weight": 1,
        },
        Object {
          "created": "2018-12-08T07:02:41",
          "link": Object {
            "attributeCode": "LNK_APP",
            "linkValue": "EDU_PROVIDER",
            "sourceCode": "APP_PE0BA7075D03E94C9C8C42EEF6140FB73E",
            "targetCode": "CPY_OUTCOME_LIFE",
            "weight": 1,
          },
          "valueString": "EDU_PROVIDER",
          "weight": 1,
        },
        Object {
          "created": "2018-12-08T07:02:41",
          "link": Object {
            "attributeCode": "LNK_APP",
            "linkValue": "APPLICANT",
            "sourceCode": "APP_PE0BA7075D03E94C9C8C42EEF6140FB73E",
            "targetCode": "​​​​​PER_JERRY_AT_HOTMAILCOM​​​​​",
            "weight": 1,
          },
          "valueString": "APPLICANT",
          "weight": 1,
        },
      ],
      "name": "APPLICATION",
      "realm": "genny",
    },
    "​​​​​PER_JERRY_AT_HOTMAILCOM​​​​​": Object {
      "code": "​​​​​PER_JERRY_AT_HOTMAILCOM​​​​​",
      "created": "2018-12-08T07:01:17",
      "id": 7708,
      "index": 0,
      "links": Array [],
      "name": "Jerry Seinfeld",
      "realm": "genny",
    },
  },
  "definitions": Object {
    "data": Object {},
    "types": Object {},
  },
  "links": Object {
    "APP_PE0BA7075D03E94C9C8C42EEF6140FB73E": Object {
      "APPLICANT": Array [
        Object {
          "created": "2018-12-08T07:02:41",
          "link": Object {
            "attributeCode": "LNK_APP",
            "linkValue": "APPLICANT",
            "sourceCode": "APP_PE0BA7075D03E94C9C8C42EEF6140FB73E",
            "targetCode": "​​​​​PER_JERRY_AT_HOTMAILCOM​​​​​",
            "weight": 1,
          },
          "valueString": "APPLICANT",
          "weight": 1,
        },
        Object {
          "created": "2018-12-08T07:02:41",
          "link": Object {
            "attributeCode": "LNK_APP",
            "linkValue": "APPLICANT",
            "sourceCode": "APP_PE0BA7075D03E94C9C8C42EEF6140FB73E",
            "targetCode": "​​​​​PER_JERRY_AT_HOTMAILCOM​​​​​",
            "weight": 1,
          },
          "valueString": "APPLICANT",
          "weight": 1,
        },
      ],
      "EDU_PROVIDER": Array [
        Object {
          "created": "2018-12-08T07:02:41",
          "link": Object {
            "attributeCode": "LNK_APP",
            "linkValue": "EDU_PROVIDER",
            "sourceCode": "APP_PE0BA7075D03E94C9C8C42EEF6140FB73E",
            "targetCode": "CPY_OUTCOME_LIFE",
            "weight": 1,
          },
          "valueString": "EDU_PROVIDER",
          "weight": 1,
        },
        Object {
          "created": "2018-12-08T07:02:41",
          "link": Object {
            "attributeCode": "LNK_APP",
            "linkValue": "EDU_PROVIDER",
            "sourceCode": "APP_PE0BA7075D03E94C9C8C42EEF6140FB73E",
            "targetCode": "CPY_OUTCOME_LIFE",
            "weight": 1,
          },
          "valueString": "EDU_PROVIDER",
          "weight": 1,
        },
      ],
      "INT_AGMT": Array [
        Object {
          "created": "2018-12-08T07:11:34",
          "link": Object {
            "attributeCode": "LNK_APP",
            "linkValue": "INT_AGMT",
            "sourceCode": "APP_PE0BA7075D03E94C9C8C42EEF6140FB73E",
            "targetCode": "DOC_PE0D45F6A8BC3545D19C5DF09239CF9605",
            "weight": 1,
          },
          "valueString": "INT_AGMT",
          "weight": 1,
        },
        Object {
          "created": "2018-12-08T07:11:34",
          "link": Object {
            "attributeCode": "LNK_APP",
            "linkValue": "INT_AGMT",
            "sourceCode": "APP_PE0BA7075D03E94C9C8C42EEF6140FB73E",
            "targetCode": "DOC_PE0D45F6A8BC3545D19C5DF09239CF9605",
            "weight": 1,
          },
          "valueString": "INT_AGMT",
          "weight": 1,
        },
      ],
    },
  },
  "relationships": Object {},
}
`;
